// Jest Snapshot v1, https://goo.gl/fbAQLP

exports[`Teste do componente - Page 404 test render 1`] = `
<div>
   Página não encontrada
</div>
`;
